src/screens/home/ProfileScreen.tsx(76,26): error TS2339: Property 'ativo' does not exist on type 'UserFromApi'.
src/screens/home/ProfileScreen.tsx(77,31): error TS2339: Property 'ativo' does not exist on type 'UserFromApi'.
src/screens/modules/ModuleScreens.tsx(64,5): error TS2820: Type '"assignment-outline"' is not assignable to type '"symbol" | "function" | "signal" | "delete" | "head" | "post" | "link" | "text" | "sort" | "map" | "filter" | "at" | "repeat" | "anchor" | "login" | "logout" | "navigation" | "solid" | ... 7429 more ... | "blank"'. Did you mean '"alien-outline"'?
src/screens/modules/ModuleScreens.tsx(77,5): error TS2820: Type '"campaign-outline"' is not assignable to type '"symbol" | "function" | "signal" | "delete" | "head" | "post" | "link" | "text" | "sort" | "map" | "filter" | "at" | "repeat" | "anchor" | "login" | "logout" | "navigation" | "solid" | ... 7429 more ... | "blank"'. Did you mean '"pin-outline"'?
